// Jest Snapshot v1, https://goo.gl/fbAQLP

exports[`DOM & html Simple render HTML 1`] = `
<div class="game" style="border-color: #f2f2f2;"><a href="#" class="mb2"><img src="https://games.com/media/sonic.png" alt="Game" class="game_image">
    Game
  </a>
  <div class="game_price mb2">
    <p class="game_new game_condition">New</p> <span>Precio:</span> <span>$800</span>
  </div>
  <div class="game_description mb2"></div>
  <div><button class="action game_button">

      Add to cart
      <img src="../assets/plus.png"></button></div> <a href="#" class="mb2">More details</a>
  <div class="game_description" style="display: none;"></div>
</div>
`;
